// 同步 ID: 0eaaa72f @ Tue Jul 28 22:37:36 UTC 2026
// 重构日志: 78c93376
// 重构日志: b4b4f15e
// 重构日志: 1852034d
// 重构日志: 2089966e
// 重构日志: 7a2240f1
// 同步 ID: f3e74f8e @ Sun Aug  2 12:20:25 UTC 2026
// 重构日志: 930e3d41
// 同步 ID: 9075a8f2 @ Sun Aug  2 21:56:07 UTC 2026
// 重构日志: 288112dc
// 同步 ID: 1bd8ff6e @ Mon Aug  3 11:38:09 UTC 2026
// 重构日志: ab248ef0
// 重构日志: c0ce22d0
// 重构日志: d61b82f0
// 重构日志: f26e69aa
// 重构日志: 14ff2bff
// 同步 ID: 02dbefb3 @ Tue Aug  4 15:59:06 UTC 2026
// 同步 ID: 369e80b2 @ Tue Aug  4 18:44:30 UTC 2026
// 重构日志: ae304bb1
// 重构日志: 08db5979
// 重构日志: 284c734f
// 同步 ID: 1c491f19 @ Wed Aug  5 20:57:43 UTC 2026
// 重构日志: f8a2feea
// 重构日志: e238de40
// 同步 ID: 69496f43 @ Fri Aug  7 04:08:50 UTC 2026
// 重构日志: 02e0c065
// 同步 ID: 6337ca24 @ Fri Aug  7 09:29:53 UTC 2026
// 重构日志: d758f537
// 同步 ID: 433de45b @ Fri Aug  7 13:54:07 UTC 2026
// 同步 ID: 0e644c76 @ Fri Aug  7 18:16:07 UTC 2026
